------------------------------------------------------------
Timing Analyzer Summary
------------------------------------------------------------

Type  : Slow 1100mV 85C Model Setup 'clk'
Slack : -0.332
TNS   : -0.884

Type  : Slow 1100mV 85C Model Hold 'clk'
Slack : 0.533
TNS   : 0.000

Type  : Slow 1100mV 85C Model Minimum Pulse Width 'clk'
Slack : -0.724
TNS   : -3.321

Type  : Slow 1100mV 0C Model Setup 'clk'
Slack : -0.271
TNS   : -0.681

Type  : Slow 1100mV 0C Model Hold 'clk'
Slack : 0.517
TNS   : 0.000

Type  : Slow 1100mV 0C Model Minimum Pulse Width 'clk'
Slack : -0.724
TNS   : -3.405

Type  : Fast 1100mV 85C Model Setup 'clk'
Slack : 0.375
TNS   : 0.000

Type  : Fast 1100mV 85C Model Hold 'clk'
Slack : 0.232
TNS   : 0.000

Type  : Fast 1100mV 85C Model Minimum Pulse Width 'clk'
Slack : -0.082
TNS   : -0.242

Type  : Fast 1100mV 0C Model Setup 'clk'
Slack : 0.420
TNS   : 0.000

Type  : Fast 1100mV 0C Model Hold 'clk'
Slack : 0.205
TNS   : 0.000

Type  : Fast 1100mV 0C Model Minimum Pulse Width 'clk'
Slack : -0.083
TNS   : -0.247

------------------------------------------------------------
