------------------------------------------------------------
Timing Analyzer Summary
------------------------------------------------------------

Type  : Slow 1100mV 85C Model Setup 'clk'
Slack : -0.996
TNS   : -0.996

Type  : Slow 1100mV 85C Model Hold 'clk'
Slack : 0.088
TNS   : 0.000

Type  : Slow 1100mV 85C Model Minimum Pulse Width 'clk'
Slack : -0.724
TNS   : -1.129

Type  : Slow 1100mV 0C Model Setup 'clk'
Slack : -0.934
TNS   : -0.934

Type  : Slow 1100mV 0C Model Hold 'clk'
Slack : 0.059
TNS   : 0.000

Type  : Slow 1100mV 0C Model Minimum Pulse Width 'clk'
Slack : -0.724
TNS   : -1.129

Type  : Fast 1100mV 85C Model Setup 'clk'
Slack : -0.017
TNS   : -0.017

Type  : Fast 1100mV 85C Model Hold 'clk'
Slack : -0.002
TNS   : -0.002

Type  : Fast 1100mV 85C Model Minimum Pulse Width 'clk'
Slack : -0.252
TNS   : -0.252

Type  : Fast 1100mV 0C Model Setup 'clk'
Slack : 0.023
TNS   : 0.000

Type  : Fast 1100mV 0C Model Hold 'clk'
Slack : -0.024
TNS   : -0.024

Type  : Fast 1100mV 0C Model Minimum Pulse Width 'clk'
Slack : -0.259
TNS   : -0.259

------------------------------------------------------------
